// Jest Snapshot v1, https://goo.gl/fbAQLP

exports[`header.vue match snapshot 1`] = `
<header
  class="header"
>
  <h1>
    todos v2
  </h1>
   
  <input
    autofocus="autofocus"
    class="new-todo"
    placeholder="What needs to be done?"
  />
</header>
`;
